inf
1.000000
0.500000
0.333333
0.250000
0.200000
0.000000
nan
